// Jest Snapshot v1, https://goo.gl/fbAQLP

exports[`test SignUpPage component should match snapshot 1`] = `
<DocumentFragment>
  <section
    class="page"
  >
    <div
      class="wrapper"
    >
      <h1
        class="visually-hidden"
      >
        Plannera sign up page
      </h1>
      <div
        class="logo"
      >
        <svg
          height="100%"
          viewBox="0 0 321.75 286.95"
          width="100%"
          xmlns="http://www.w3.org/2000/svg"
        >
          <title>
            Plannera logo
          </title>
          <g
            data-testid="img"
            fill="#ececec"
            fill-rule="evenodd"
            stroke-dashoffset="2"
            stroke-linecap="round"
            stroke-linejoin="round"
            stroke-miterlimit="4.1"
            stroke-width="10"
            transform="matrix(.95021 -.31162 .31162 .95021 -106.29 132.88)"
          >
            <path
              d="m290.76-39.011c-116.29 5.9117-207.84 67.222-207.84 141.94 0 78.622 101.38 142.44 226.28 142.44 21.72 0 42.737-1.9295 62.625-5.5312v-39.312c-17.014 3.0554-34.967 4.6875-53.531 4.6875-107.62 0-194.97-54.977-194.97-122.72 0-61.859 72.843-113.07 167.44-121.5z"
            />
            <path
              d="m304.42-37.858c-89.455 4.5475-159.88 51.71-159.88 109.18 0 60.479 77.983 109.57 174.06 109.57 16.708 0 32.875-1.4842 48.173-4.2548v-30.24c-13.088 2.3503-26.898 3.6058-41.178 3.6058-82.783 0-149.98-42.29-149.98-94.399 0-47.584 56.033-86.978 128.8-93.462z"
            />
            <path
              d="m317.45-35.731c-66.322 3.3715-118.54 38.338-118.54 80.948 0 44.839 57.817 81.234 129.05 81.234 12.387 0 24.373-1.1004 35.716-3.1545v-22.42c-9.7033 1.7425-19.942 2.6733-30.529 2.6733-61.376 0-111.19-31.354-111.19-69.988 0-35.279 41.543-64.486 95.491-69.293z"
            />
          </g>
        </svg>
      </div>
      <h2
        class="appName"
      >
        Plannera
      </h2>
      <form
        action="signup.php"
        class="form"
        name="signUpForm"
      >
        <p
          class="title"
        >
          Create account
        </p>
        <div
          class="status"
        >
          <div
            class="container"
            data-testid="container"
          />
        </div>
        <fieldset
          class="signup"
        >
          <label
            class="label input"
            for="email"
          >
            <span
              class="visually-hidden"
            >
              Email
            </span>
            <span
              class="error"
              data-testid="error"
            />
            <input
              class="input "
              id="email"
              name="EMAIL"
              placeholder="Email"
              type="email"
              value=""
            />
          </label>
          <label
            class="label input"
            for="password"
          >
            <span
              class="visually-hidden"
            >
              Password
            </span>
            <span
              class="error"
              data-testid="error"
            />
            <input
              class="input "
              id="password"
              name="PASSWORD"
              placeholder="Password"
              type="password"
              value=""
            />
          </label>
          <label
            class="label input"
            for="confirm"
          >
            <span
              class="visually-hidden"
            >
              Confirm password
            </span>
            <span
              class="error"
              data-testid="error"
            />
            <input
              class="input "
              id="confirm"
              name="CONFIRM"
              placeholder="Confirm password"
              type="password"
              value=""
            />
          </label>
          <label
            class="label input"
            for="firstName"
          >
            <span
              class="visually-hidden"
            >
              First name
            </span>
            <span
              class="error"
              data-testid="error"
            />
            <input
              class="input "
              id="firstName"
              name="FIRST_NAME"
              placeholder="First name"
              type="text"
              value=""
            />
          </label>
          <label
            class="label input"
            for="lastName"
          >
            <span
              class="visually-hidden"
            >
              Last name
            </span>
            <span
              class="error"
              data-testid="error"
            />
            <input
              class="input "
              id="lastName"
              name="LAST_NAME"
              placeholder="Last name"
              type="text"
              value=""
            />
          </label>
        </fieldset>
        <fieldset
          class="controls"
        >
          <button
            class="button "
            disabled=""
            name="signUpSubmit"
            type="submit"
          >
            Continue
          </button>
          <a
            class="link"
            href="/signin"
          >
            Sign in
          </a>
        </fieldset>
      </form>
    </div>
  </section>
</DocumentFragment>
`;
